// Jest Snapshot v1, https://goo.gl/fbAQLP

exports[`AstronautImage Should render without error 1`] = `[Function]`;
