// Jest Snapshot v1, https://goo.gl/fbAQLP

exports[`Layout component Should render without error 1`] = `[Function]`;
